src/hooks/usePerformanceTimer.ts(252,4): error TS1128: Declaration or statement expected.
src/hooks/usePerformanceTimer.ts(252,15): error TS1005: ';' expected.
src/hooks/usePerformanceTimer.ts(305,1): error TS1128: Declaration or statement expected.
